// Jest Snapshot v1, https://goo.gl/fbAQLP

exports[`Status will render 1`] = `
<div>
  test
</div>
`;
